PREFIX experiment: <http://www.ebi.ac.uk/efo/EFO_0004033>
PREFIX gene: <http://www.ebi.ac.uk/efo/EFO_0002606>
PREFIX sample: <http://www.ebi.ac.uk/efo/EFO_0001434>
PREFIX modelOrganism: <http://purl.obolibrary.org/obo/OBI_0100026>
PREFIX differential_expression: <http://www.ebi.ac.uk/efo/EFO_0004034>
PREFIX result: <http://mged.sourceforge.net/ontologies/MGEDOntology.owl#Result>
PREFIX chromosomeLocation: <http://www.geneontology.org/go#0050000>
PREFIX platform: <http://purl.obolibrary.org/obo/OBI_0000052>
PREFIX mged: <http://mged.sourceforge.net/ontologies/MGEDontology.php#>
PREFIX rdfs: <http://www.w3.org/2000/01/rdf-schema#>
PREFIX rdf: <http://www.w3.org/1999/02/22-rdf-syntax-ns#>
PREFIX biordf: <http://purl.org/net/biordfmicroarray/ns#>
PREFIX stat: <http://purl.org/net/biordfmicroarray/ns#>
PREFIX xsd: <http://www.w3.org/2001/XMLSchema#>
prefix affy: <http://bio2rdf.org/ns/affymetrix#>
PREFIX fn: <http://www.w3.org/2005/xpath-functions#>

CONSTRUCT { 
?experiment a experiment: ;
			rdfs:label ?experimentName ;
			modelOrganism: ?modelOrganism ;
			result: ?resultSet ;
			platform: ?platform .

?resultSet gene: ?gene . 
?resultSet differential_expression: ?expression .

?gene a gene: ; chromosomeLocation: ?chromosomeLocation ; rdfs:label ?geneSymbol .

}
WHERE {
	SERVICE <http://hcls.deri.org:8080/openrdf-sesame/repositories/biordfmicroarray> {
		?experiment	a	<http://purl.org/net/biordfmicroarray/ns#microarray_experiment> ;
				<http://purl.org/net/biordfmicroarray/ns#modelOrganism>	?modelOrganism .

				OPTIONAL { ?experiment rdfs:label ?experimentName . }

		?geneLocal a <http://purl.org/net/biordfmicroarray/ns#gene> ;
			stat:probe_set_id ?probeid ;
			rdfs:label	?geneSymbol .
			
		
		?resultSet <http://purl.org/net/biordfmicroarray/ns#differentially_expressed_gene> ?geneLocal ;
			<http://purl.org/dc/terms/isPartOf>   ?experiment ;
			<http://purl.org/net/biordfmicroarray/ns#has_ouput_value>			?foldChange .
		
		?foldChange rdf:type biordf:fold_change; 
					rdf:value ?diffexpression .
	}

			
	{ filter (xsd:decimal(?diffexpression) > 0) BIND ("UP" AS ?expression) 	} 
	UNION 
	{ filter (xsd:decimal(?diffexpression) < 0) BIND ("DOWN" AS ?expression) }

	BIND(IRI(fn:concat("http://bio2rdf.org/affymetrix:", ?probeid)) as ?probeuri)
	
	?probeuri affy:xEnsembl ?gene ;
            affy:Chromosomal_Location ?chromosomeLocation ;
				  affy:xGeneChip_Array ?platform .
}