PREFIX experiment: <http://www.ebi.ac.uk/efo/EFO_0004033>
PREFIX gene: <http://www.ebi.ac.uk/efo/EFO_0002606>
PREFIX sample: <http://www.ebi.ac.uk/efo/EFO_0001434>
PREFIX modelOrganism: <http://purl.obolibrary.org/obo/OBI_0100026>
PREFIX differential_expression: <http://www.ebi.ac.uk/efo/EFO_0004034>
PREFIX result: <http://mged.sourceforge.net/ontologies/MGEDOntology.owl#Result>
PREFIX chromosomeLocation: <http://www.geneontology.org/go#0050000>
PREFIX platform: <http://purl.obolibrary.org/obo/OBI_0000052>
PREFIX mged: <http://mged.sourceforge.net/ontologies/MGEDontology.php#>
PREFIX rdfs: <http://www.w3.org/2000/01/rdf-schema#>
PREFIX rdf:<http://www.w3.org/1999/02/22-rdf-syntax-ns#>
PREFIX biordf: <http://purl.org/net/biordfmicroarray/ns#>
PREFIX stat: <http://purl.org/net/biordfmicroarray/ns#>
PREFIX xsd: <http://www.w3.org/2001/XMLSchema#>
prefix affy: <http://bio2rdf.org/ns/affymetrix#>
PREFIX fn: <http://www.w3.org/2005/xpath-functions#>


CONSTRUCT { 
?experiment a experiment: ;
		rdfs:label ?experimentName ;
		modelOrganism: ?modelOrganism ;
		platform: ?platform .


?sample a sample: ;
	rdfs:label ?sampleName .


}

WHERE {	
SERVICE <http://bloodprogram.hsci.harvard.edu/sparql> {
	?experiment        a          <http://mged.sourceforge.net/ontologies/MGEDontology.php#BioAssay> ;
			<http://purl.org/dc/terms/title>	?experimentName ;
			mged:platform	?platform ;
			mged:has_output ?output .
	OPTIONAL { ?experiment	result:		?resultSet } .



	?sample	a	<http://mged.sourceforge.net/ontologies/MGEDontology.php#BioMaterial> ;
			<http://purl.org/dc/terms/title>	?sampleName ;
			<http://purl.obolibrary.org/obo/OBI_0000298> ?modelOrganismTaxon .

		
	}

    ?modelOrganismTaxon rdfs:label ?modelOrganism .
	
}

