PREFIX experiment: <http://www.ebi.ac.uk/efo/EFO_0004033>
PREFIX gene: <http://www.ebi.ac.uk/efo/EFO_0002606>
PREFIX sample: <http://www.ebi.ac.uk/efo/EFO_0001434>
PREFIX modelOrganism: <http://purl.obolibrary.org/obo/OBI_0100026>
PREFIX differential_expression: <http://www.ebi.ac.uk/efo/EFO_0004034>
PREFIX result: <http://mged.sourceforge.net/ontologies/MGEDOntology.owl#Result>
PREFIX chromosomeLocation: <http://www.geneontology.org/go#0050000>
PREFIX platform: <http://purl.obolibrary.org/obo/OBI_0000052>
PREFIX mged: <http://mged.sourceforge.net/ontologies/MGEDontology.php#>
PREFIX rdfs: <http://www.w3.org/2000/01/rdf-schema#>
PREFIX rdf:<http://www.w3.org/1999/02/22-rdf-syntax-ns#>
PREFIX biordf: <http://purl.org/net/biordfmicroarray/ns#>
PREFIX stat: <http://purl.org/net/biordfmicroarray/ns#>
PREFIX xsd: <http://www.w3.org/2001/XMLSchema#>
prefix affy: <http://bio2rdf.org/ns/affymetrix#>
PREFIX fn: <http://www.w3.org/2005/xpath-functions>

CONSTRUCT { 
?experiment a experiment: ;
			rdfs:label ?experimentName ;
			modelOrganism: ?modelOrganism ;
			result: ?resultSet .
}
WHERE {
	SERVICE <http://wwwdev.ebi.ac.uk/microarray-srv/openrdf-sesame/repositories/gxa> {
		?experiment	a	<http://www.ebi.ac.uk/efo/EFO_0004033> ;
				modelOrganism: ?modelOrganism ;
				<http://purl.obolibrary.org/obo/IAO_0000136> ?resultSet .
		?resultSet <http://www.ebi.ac.uk/efo/EFO_0002606> ?gene .
		?gene a <http://www.ebi.ac.uk/efo/EFO_0002606> .
		
	}
}
